// Jest Snapshot v1, https://goo.gl/fbAQLP

exports[`renders without crashing 1`] = `
ShallowWrapper {
  Symbol(enzyme.__root__): [Circular],
  Symbol(enzyme.__unrendered__): <Nav
    navItems={
      Array [
        Object {
          "href": "test",
          "label": "test",
        },
      ]
    }
    selectedNavItem={
      Object {
        "href": "test",
        "label": "test",
      }
    }
  />,
  Symbol(enzyme.__renderer__): Object {
    "batchedUpdates": [Function],
    "getNode": [Function],
    "render": [Function],
    "simulateError": [Function],
    "simulateEvent": [Function],
    "unmount": [Function],
  },
  Symbol(enzyme.__node__): Object {
    "instance": null,
    "key": undefined,
    "nodeType": "function",
    "props": Object {
      "children": Array [
        <Navbar
          className="mobile"
          color="dark"
          dark={true}
          expand={false}
          fixed="top"
          tag="nav"
        >
          <NavbarBrand
            className="mr-auto"
            href="/"
            tag="a"
          >
            test
          </NavbarBrand>
          <NavbarToggler
            className="mr-2"
            onClick={[Function]}
            tag="button"
            type="button"
          />
          <Collapse
            appear={false}
            enter={true}
            exit={true}
            in={false}
            isOpen={false}
            mountOnEnter={false}
            navbar={true}
            onEnter={[Function]}
            onEntered={[Function]}
            onEntering={[Function]}
            onExit={[Function]}
            onExited={[Function]}
            onExiting={[Function]}
            tag="div"
            timeout={350}
            unmountOnExit={false}
          >
            <Nav
              navbar={true}
              tag="ul"
              vertical={false}
            >
              <NavItem
                tag="li"
              >
                <NavLink
                  href="test"
                  onClick={[Function]}
                  tag="a"
                >
                  test
                </NavLink>
              </NavItem>
            </Nav>
          </Collapse>
        </Navbar>,
        <Navbar
          className="desktop"
          color="dark"
          dark={true}
          expand={false}
          fixed="top"
          tag="nav"
        >
          <Nav
            navbar={true}
            tag="ul"
            vertical={false}
          >
            <NavItem
              tag="li"
            >
              <NavLink
                active={true}
                href="test"
                tag="a"
              >
                test
                 
                <span
                  className="img_nav"
                />
              </NavLink>
            </NavItem>
          </Nav>
        </Navbar>,
      ],
    },
    "ref": null,
    "rendered": Array [
      Object {
        "instance": null,
        "key": undefined,
        "nodeType": "function",
        "props": Object {
          "children": Array [
            <NavbarBrand
              className="mr-auto"
              href="/"
              tag="a"
            >
              test
            </NavbarBrand>,
            <NavbarToggler
              className="mr-2"
              onClick={[Function]}
              tag="button"
              type="button"
            />,
            <Collapse
              appear={false}
              enter={true}
              exit={true}
              in={false}
              isOpen={false}
              mountOnEnter={false}
              navbar={true}
              onEnter={[Function]}
              onEntered={[Function]}
              onEntering={[Function]}
              onExit={[Function]}
              onExited={[Function]}
              onExiting={[Function]}
              tag="div"
              timeout={350}
              unmountOnExit={false}
            >
              <Nav
                navbar={true}
                tag="ul"
                vertical={false}
              >
                <NavItem
                  tag="li"
                >
                  <NavLink
                    href="test"
                    onClick={[Function]}
                    tag="a"
                  >
                    test
                  </NavLink>
                </NavItem>
              </Nav>
            </Collapse>,
          ],
          "className": "mobile",
          "color": "dark",
          "dark": true,
          "expand": false,
          "fixed": "top",
          "tag": "nav",
        },
        "ref": null,
        "rendered": Array [
          Object {
            "instance": null,
            "key": undefined,
            "nodeType": "function",
            "props": Object {
              "children": "test",
              "className": "mr-auto",
              "href": "/",
              "tag": "a",
            },
            "ref": null,
            "rendered": "test",
            "type": [Function],
          },
          Object {
            "instance": null,
            "key": undefined,
            "nodeType": "function",
            "props": Object {
              "className": "mr-2",
              "onClick": [Function],
              "tag": "button",
              "type": "button",
            },
            "ref": null,
            "rendered": null,
            "type": [Function],
          },
          Object {
            "instance": null,
            "key": undefined,
            "nodeType": "class",
            "props": Object {
              "appear": false,
              "children": <Nav
                navbar={true}
                tag="ul"
                vertical={false}
              >
                <NavItem
                  tag="li"
                >
                  <NavLink
                    href="test"
                    onClick={[Function]}
                    tag="a"
                  >
                    test
                  </NavLink>
                </NavItem>
              </Nav>,
              "enter": true,
              "exit": true,
              "in": false,
              "isOpen": false,
              "mountOnEnter": false,
              "navbar": true,
              "onEnter": [Function],
              "onEntered": [Function],
              "onEntering": [Function],
              "onExit": [Function],
              "onExited": [Function],
              "onExiting": [Function],
              "tag": "div",
              "timeout": 350,
              "unmountOnExit": false,
            },
            "ref": null,
            "rendered": Object {
              "instance": null,
              "key": undefined,
              "nodeType": "function",
              "props": Object {
                "children": Array [
                  <NavItem
                    tag="li"
                  >
                    <NavLink
                      href="test"
                      onClick={[Function]}
                      tag="a"
                    >
                      test
                    </NavLink>
                  </NavItem>,
                ],
                "navbar": true,
                "tag": "ul",
                "vertical": false,
              },
              "ref": null,
              "rendered": Array [
                Object {
                  "instance": null,
                  "key": "0",
                  "nodeType": "function",
                  "props": Object {
                    "children": <NavLink
                      href="test"
                      onClick={[Function]}
                      tag="a"
                    >
                      test
                    </NavLink>,
                    "tag": "li",
                  },
                  "ref": null,
                  "rendered": Object {
                    "instance": null,
                    "key": undefined,
                    "nodeType": "class",
                    "props": Object {
                      "children": "test",
                      "href": "test",
                      "onClick": [Function],
                      "tag": "a",
                    },
                    "ref": null,
                    "rendered": "test",
                    "type": [Function],
                  },
                  "type": [Function],
                },
              ],
              "type": [Function],
            },
            "type": [Function],
          },
        ],
        "type": [Function],
      },
      Object {
        "instance": null,
        "key": undefined,
        "nodeType": "function",
        "props": Object {
          "children": <Nav
            navbar={true}
            tag="ul"
            vertical={false}
          >
            <NavItem
              tag="li"
            >
              <NavLink
                active={true}
                href="test"
                tag="a"
              >
                test
                 
                <span
                  className="img_nav"
                />
              </NavLink>
            </NavItem>
          </Nav>,
          "className": "desktop",
          "color": "dark",
          "dark": true,
          "expand": false,
          "fixed": "top",
          "tag": "nav",
        },
        "ref": null,
        "rendered": Object {
          "instance": null,
          "key": undefined,
          "nodeType": "function",
          "props": Object {
            "children": Array [
              <NavItem
                tag="li"
              >
                <NavLink
                  active={true}
                  href="test"
                  tag="a"
                >
                  test
                   
                  <span
                    className="img_nav"
                  />
                </NavLink>
              </NavItem>,
            ],
            "navbar": true,
            "tag": "ul",
            "vertical": false,
          },
          "ref": null,
          "rendered": Array [
            Object {
              "instance": null,
              "key": "0",
              "nodeType": "function",
              "props": Object {
                "children": <NavLink
                  active={true}
                  href="test"
                  tag="a"
                >
                  test
                   
                  <span
                    className="img_nav"
                  />
                </NavLink>,
                "tag": "li",
              },
              "ref": null,
              "rendered": Object {
                "instance": null,
                "key": undefined,
                "nodeType": "class",
                "props": Object {
                  "active": true,
                  "children": Array [
                    "test",
                    " ",
                    <span
                      className="img_nav"
                    />,
                  ],
                  "href": "test",
                  "tag": "a",
                },
                "ref": null,
                "rendered": Array [
                  "test",
                  " ",
                  Object {
                    "instance": null,
                    "key": undefined,
                    "nodeType": "host",
                    "props": Object {
                      "className": "img_nav",
                      "id": undefined,
                    },
                    "ref": null,
                    "rendered": null,
                    "type": "span",
                  },
                ],
                "type": [Function],
              },
              "type": [Function],
            },
          ],
          "type": [Function],
        },
        "type": [Function],
      },
    ],
    "type": Symbol(react.fragment),
  },
  Symbol(enzyme.__nodes__): Array [
    Object {
      "instance": null,
      "key": undefined,
      "nodeType": "function",
      "props": Object {
        "children": Array [
          <Navbar
            className="mobile"
            color="dark"
            dark={true}
            expand={false}
            fixed="top"
            tag="nav"
          >
            <NavbarBrand
              className="mr-auto"
              href="/"
              tag="a"
            >
              test
            </NavbarBrand>
            <NavbarToggler
              className="mr-2"
              onClick={[Function]}
              tag="button"
              type="button"
            />
            <Collapse
              appear={false}
              enter={true}
              exit={true}
              in={false}
              isOpen={false}
              mountOnEnter={false}
              navbar={true}
              onEnter={[Function]}
              onEntered={[Function]}
              onEntering={[Function]}
              onExit={[Function]}
              onExited={[Function]}
              onExiting={[Function]}
              tag="div"
              timeout={350}
              unmountOnExit={false}
            >
              <Nav
                navbar={true}
                tag="ul"
                vertical={false}
              >
                <NavItem
                  tag="li"
                >
                  <NavLink
                    href="test"
                    onClick={[Function]}
                    tag="a"
                  >
                    test
                  </NavLink>
                </NavItem>
              </Nav>
            </Collapse>
          </Navbar>,
          <Navbar
            className="desktop"
            color="dark"
            dark={true}
            expand={false}
            fixed="top"
            tag="nav"
          >
            <Nav
              navbar={true}
              tag="ul"
              vertical={false}
            >
              <NavItem
                tag="li"
              >
                <NavLink
                  active={true}
                  href="test"
                  tag="a"
                >
                  test
                   
                  <span
                    className="img_nav"
                  />
                </NavLink>
              </NavItem>
            </Nav>
          </Navbar>,
        ],
      },
      "ref": null,
      "rendered": Array [
        Object {
          "instance": null,
          "key": undefined,
          "nodeType": "function",
          "props": Object {
            "children": Array [
              <NavbarBrand
                className="mr-auto"
                href="/"
                tag="a"
              >
                test
              </NavbarBrand>,
              <NavbarToggler
                className="mr-2"
                onClick={[Function]}
                tag="button"
                type="button"
              />,
              <Collapse
                appear={false}
                enter={true}
                exit={true}
                in={false}
                isOpen={false}
                mountOnEnter={false}
                navbar={true}
                onEnter={[Function]}
                onEntered={[Function]}
                onEntering={[Function]}
                onExit={[Function]}
                onExited={[Function]}
                onExiting={[Function]}
                tag="div"
                timeout={350}
                unmountOnExit={false}
              >
                <Nav
                  navbar={true}
                  tag="ul"
                  vertical={false}
                >
                  <NavItem
                    tag="li"
                  >
                    <NavLink
                      href="test"
                      onClick={[Function]}
                      tag="a"
                    >
                      test
                    </NavLink>
                  </NavItem>
                </Nav>
              </Collapse>,
            ],
            "className": "mobile",
            "color": "dark",
            "dark": true,
            "expand": false,
            "fixed": "top",
            "tag": "nav",
          },
          "ref": null,
          "rendered": Array [
            Object {
              "instance": null,
              "key": undefined,
              "nodeType": "function",
              "props": Object {
                "children": "test",
                "className": "mr-auto",
                "href": "/",
                "tag": "a",
              },
              "ref": null,
              "rendered": "test",
              "type": [Function],
            },
            Object {
              "instance": null,
              "key": undefined,
              "nodeType": "function",
              "props": Object {
                "className": "mr-2",
                "onClick": [Function],
                "tag": "button",
                "type": "button",
              },
              "ref": null,
              "rendered": null,
              "type": [Function],
            },
            Object {
              "instance": null,
              "key": undefined,
              "nodeType": "class",
              "props": Object {
                "appear": false,
                "children": <Nav
                  navbar={true}
                  tag="ul"
                  vertical={false}
                >
                  <NavItem
                    tag="li"
                  >
                    <NavLink
                      href="test"
                      onClick={[Function]}
                      tag="a"
                    >
                      test
                    </NavLink>
                  </NavItem>
                </Nav>,
                "enter": true,
                "exit": true,
                "in": false,
                "isOpen": false,
                "mountOnEnter": false,
                "navbar": true,
                "onEnter": [Function],
                "onEntered": [Function],
                "onEntering": [Function],
                "onExit": [Function],
                "onExited": [Function],
                "onExiting": [Function],
                "tag": "div",
                "timeout": 350,
                "unmountOnExit": false,
              },
              "ref": null,
              "rendered": Object {
                "instance": null,
                "key": undefined,
                "nodeType": "function",
                "props": Object {
                  "children": Array [
                    <NavItem
                      tag="li"
                    >
                      <NavLink
                        href="test"
                        onClick={[Function]}
                        tag="a"
                      >
                        test
                      </NavLink>
                    </NavItem>,
                  ],
                  "navbar": true,
                  "tag": "ul",
                  "vertical": false,
                },
                "ref": null,
                "rendered": Array [
                  Object {
                    "instance": null,
                    "key": "0",
                    "nodeType": "function",
                    "props": Object {
                      "children": <NavLink
                        href="test"
                        onClick={[Function]}
                        tag="a"
                      >
                        test
                      </NavLink>,
                      "tag": "li",
                    },
                    "ref": null,
                    "rendered": Object {
                      "instance": null,
                      "key": undefined,
                      "nodeType": "class",
                      "props": Object {
                        "children": "test",
                        "href": "test",
                        "onClick": [Function],
                        "tag": "a",
                      },
                      "ref": null,
                      "rendered": "test",
                      "type": [Function],
                    },
                    "type": [Function],
                  },
                ],
                "type": [Function],
              },
              "type": [Function],
            },
          ],
          "type": [Function],
        },
        Object {
          "instance": null,
          "key": undefined,
          "nodeType": "function",
          "props": Object {
            "children": <Nav
              navbar={true}
              tag="ul"
              vertical={false}
            >
              <NavItem
                tag="li"
              >
                <NavLink
                  active={true}
                  href="test"
                  tag="a"
                >
                  test
                   
                  <span
                    className="img_nav"
                  />
                </NavLink>
              </NavItem>
            </Nav>,
            "className": "desktop",
            "color": "dark",
            "dark": true,
            "expand": false,
            "fixed": "top",
            "tag": "nav",
          },
          "ref": null,
          "rendered": Object {
            "instance": null,
            "key": undefined,
            "nodeType": "function",
            "props": Object {
              "children": Array [
                <NavItem
                  tag="li"
                >
                  <NavLink
                    active={true}
                    href="test"
                    tag="a"
                  >
                    test
                     
                    <span
                      className="img_nav"
                    />
                  </NavLink>
                </NavItem>,
              ],
              "navbar": true,
              "tag": "ul",
              "vertical": false,
            },
            "ref": null,
            "rendered": Array [
              Object {
                "instance": null,
                "key": "0",
                "nodeType": "function",
                "props": Object {
                  "children": <NavLink
                    active={true}
                    href="test"
                    tag="a"
                  >
                    test
                     
                    <span
                      className="img_nav"
                    />
                  </NavLink>,
                  "tag": "li",
                },
                "ref": null,
                "rendered": Object {
                  "instance": null,
                  "key": undefined,
                  "nodeType": "class",
                  "props": Object {
                    "active": true,
                    "children": Array [
                      "test",
                      " ",
                      <span
                        className="img_nav"
                      />,
                    ],
                    "href": "test",
                    "tag": "a",
                  },
                  "ref": null,
                  "rendered": Array [
                    "test",
                    " ",
                    Object {
                      "instance": null,
                      "key": undefined,
                      "nodeType": "host",
                      "props": Object {
                        "className": "img_nav",
                        "id": undefined,
                      },
                      "ref": null,
                      "rendered": null,
                      "type": "span",
                    },
                  ],
                  "type": [Function],
                },
                "type": [Function],
              },
            ],
            "type": [Function],
          },
          "type": [Function],
        },
      ],
      "type": Symbol(react.fragment),
    },
  ],
  Symbol(enzyme.__options__): Object {
    "adapter": ReactSixteenAdapter {
      "options": Object {
        "enableComponentDidUpdateOnSetState": true,
        "lifecycles": Object {
          "componentDidUpdate": Object {
            "onSetState": true,
          },
          "getDerivedStateFromProps": true,
          "getSnapshotBeforeUpdate": true,
          "setState": Object {
            "skipsComponentDidUpdateOnNullish": true,
          },
        },
      },
    },
  },
}
`;
