// Jest Snapshot v1, https://goo.gl/fbAQLP

exports[`renders without crashing 1`] = `
ShallowWrapper {
  Symbol(enzyme.__root__): [Circular],
  Symbol(enzyme.__unrendered__): <Reponse />,
  Symbol(enzyme.__renderer__): Object {
    "batchedUpdates": [Function],
    "getNode": [Function],
    "render": [Function],
    "simulateError": [Function],
    "simulateEvent": [Function],
    "unmount": [Function],
  },
  Symbol(enzyme.__node__): Object {
    "instance": null,
    "key": undefined,
    "nodeType": "function",
    "props": Object {
      "children": Array [
        <PageTitle
          title="Répondre à l'invitation"
        />,
        <WrapperContent>
          <WrapperContent>
            <p>
              Serez-vous diponible le Jour-J ?
            </p>
            <WrapperContent>
              <FormGroup
                tag="div"
              >
                <Input
                  checked={false}
                  disabled={false}
                  id="yesInput"
                  name="isPresent"
                  onChange={[Function]}
                  type="radio"
                  value={true}
                />
                <Label
                  htmlFor="yesInput"
                  tag="label"
                  widths={
                    Array [
                      "xs",
                      "sm",
                      "md",
                      "lg",
                      "xl",
                    ]
                  }
                >
                  Oui
                </Label>
              </FormGroup>
              <FormGroup
                tag="div"
              >
                <Input
                  checked={false}
                  disabled={false}
                  id="noInput"
                  name="isPresent"
                  onChange={[Function]}
                  type="radio"
                  value={false}
                />
                <Label
                  htmlFor="noInput"
                  tag="label"
                  widths={
                    Array [
                      "xs",
                      "sm",
                      "md",
                      "lg",
                      "xl",
                    ]
                  }
                >
                  Non
                </Label>
              </FormGroup>
            </WrapperContent>
          </WrapperContent>
          
          <WrapperContent>
            <_default
              isLoading={false}
              loadingText="Envoi en cours..."
              onClick={[Function]}
              text="Envoyer"
              type="submit"
            />
          </WrapperContent>
        </WrapperContent>,
      ],
      "className": "Reponse",
      "id": "Reponse",
    },
    "ref": null,
    "rendered": Array [
      Object {
        "instance": null,
        "key": undefined,
        "nodeType": "function",
        "props": Object {
          "title": "Répondre à l'invitation",
        },
        "ref": null,
        "rendered": null,
        "type": [Function],
      },
      Object {
        "instance": null,
        "key": undefined,
        "nodeType": "function",
        "props": Object {
          "children": Array [
            <WrapperContent>
              <p>
                Serez-vous diponible le Jour-J ?
              </p>
              <WrapperContent>
                <FormGroup
                  tag="div"
                >
                  <Input
                    checked={false}
                    disabled={false}
                    id="yesInput"
                    name="isPresent"
                    onChange={[Function]}
                    type="radio"
                    value={true}
                  />
                  <Label
                    htmlFor="yesInput"
                    tag="label"
                    widths={
                      Array [
                        "xs",
                        "sm",
                        "md",
                        "lg",
                        "xl",
                      ]
                    }
                  >
                    Oui
                  </Label>
                </FormGroup>
                <FormGroup
                  tag="div"
                >
                  <Input
                    checked={false}
                    disabled={false}
                    id="noInput"
                    name="isPresent"
                    onChange={[Function]}
                    type="radio"
                    value={false}
                  />
                  <Label
                    htmlFor="noInput"
                    tag="label"
                    widths={
                      Array [
                        "xs",
                        "sm",
                        "md",
                        "lg",
                        "xl",
                      ]
                    }
                  >
                    Non
                  </Label>
                </FormGroup>
              </WrapperContent>
            </WrapperContent>,
            "",
            <WrapperContent>
              <_default
                isLoading={false}
                loadingText="Envoi en cours..."
                onClick={[Function]}
                text="Envoyer"
                type="submit"
              />
            </WrapperContent>,
          ],
        },
        "ref": null,
        "rendered": Array [
          Object {
            "instance": null,
            "key": undefined,
            "nodeType": "function",
            "props": Object {
              "children": Array [
                <p>
                  Serez-vous diponible le Jour-J ?
                </p>,
                <WrapperContent>
                  <FormGroup
                    tag="div"
                  >
                    <Input
                      checked={false}
                      disabled={false}
                      id="yesInput"
                      name="isPresent"
                      onChange={[Function]}
                      type="radio"
                      value={true}
                    />
                    <Label
                      htmlFor="yesInput"
                      tag="label"
                      widths={
                        Array [
                          "xs",
                          "sm",
                          "md",
                          "lg",
                          "xl",
                        ]
                      }
                    >
                      Oui
                    </Label>
                  </FormGroup>
                  <FormGroup
                    tag="div"
                  >
                    <Input
                      checked={false}
                      disabled={false}
                      id="noInput"
                      name="isPresent"
                      onChange={[Function]}
                      type="radio"
                      value={false}
                    />
                    <Label
                      htmlFor="noInput"
                      tag="label"
                      widths={
                        Array [
                          "xs",
                          "sm",
                          "md",
                          "lg",
                          "xl",
                        ]
                      }
                    >
                      Non
                    </Label>
                  </FormGroup>
                </WrapperContent>,
                false,
              ],
            },
            "ref": null,
            "rendered": Array [
              Object {
                "instance": null,
                "key": undefined,
                "nodeType": "host",
                "props": Object {
                  "children": "Serez-vous diponible le Jour-J ?",
                },
                "ref": null,
                "rendered": "Serez-vous diponible le Jour-J ?",
                "type": "p",
              },
              Object {
                "instance": null,
                "key": undefined,
                "nodeType": "function",
                "props": Object {
                  "children": Array [
                    <FormGroup
                      tag="div"
                    >
                      <Input
                        checked={false}
                        disabled={false}
                        id="yesInput"
                        name="isPresent"
                        onChange={[Function]}
                        type="radio"
                        value={true}
                      />
                      <Label
                        htmlFor="yesInput"
                        tag="label"
                        widths={
                          Array [
                            "xs",
                            "sm",
                            "md",
                            "lg",
                            "xl",
                          ]
                        }
                      >
                        Oui
                      </Label>
                    </FormGroup>,
                    <FormGroup
                      tag="div"
                    >
                      <Input
                        checked={false}
                        disabled={false}
                        id="noInput"
                        name="isPresent"
                        onChange={[Function]}
                        type="radio"
                        value={false}
                      />
                      <Label
                        htmlFor="noInput"
                        tag="label"
                        widths={
                          Array [
                            "xs",
                            "sm",
                            "md",
                            "lg",
                            "xl",
                          ]
                        }
                      >
                        Non
                      </Label>
                    </FormGroup>,
                  ],
                },
                "ref": null,
                "rendered": Array [
                  Object {
                    "instance": null,
                    "key": undefined,
                    "nodeType": "function",
                    "props": Object {
                      "children": Array [
                        <Input
                          checked={false}
                          disabled={false}
                          id="yesInput"
                          name="isPresent"
                          onChange={[Function]}
                          type="radio"
                          value={true}
                        />,
                        <Label
                          htmlFor="yesInput"
                          tag="label"
                          widths={
                            Array [
                              "xs",
                              "sm",
                              "md",
                              "lg",
                              "xl",
                            ]
                          }
                        >
                          Oui
                        </Label>,
                      ],
                      "tag": "div",
                    },
                    "ref": null,
                    "rendered": Array [
                      Object {
                        "instance": null,
                        "key": undefined,
                        "nodeType": "class",
                        "props": Object {
                          "checked": false,
                          "disabled": false,
                          "id": "yesInput",
                          "name": "isPresent",
                          "onChange": [Function],
                          "type": "radio",
                          "value": true,
                        },
                        "ref": null,
                        "rendered": null,
                        "type": [Function],
                      },
                      Object {
                        "instance": null,
                        "key": undefined,
                        "nodeType": "function",
                        "props": Object {
                          "children": "Oui",
                          "htmlFor": "yesInput",
                          "tag": "label",
                          "widths": Array [
                            "xs",
                            "sm",
                            "md",
                            "lg",
                            "xl",
                          ],
                        },
                        "ref": null,
                        "rendered": "Oui",
                        "type": [Function],
                      },
                    ],
                    "type": [Function],
                  },
                  Object {
                    "instance": null,
                    "key": undefined,
                    "nodeType": "function",
                    "props": Object {
                      "children": Array [
                        <Input
                          checked={false}
                          disabled={false}
                          id="noInput"
                          name="isPresent"
                          onChange={[Function]}
                          type="radio"
                          value={false}
                        />,
                        <Label
                          htmlFor="noInput"
                          tag="label"
                          widths={
                            Array [
                              "xs",
                              "sm",
                              "md",
                              "lg",
                              "xl",
                            ]
                          }
                        >
                          Non
                        </Label>,
                      ],
                      "tag": "div",
                    },
                    "ref": null,
                    "rendered": Array [
                      Object {
                        "instance": null,
                        "key": undefined,
                        "nodeType": "class",
                        "props": Object {
                          "checked": false,
                          "disabled": false,
                          "id": "noInput",
                          "name": "isPresent",
                          "onChange": [Function],
                          "type": "radio",
                          "value": false,
                        },
                        "ref": null,
                        "rendered": null,
                        "type": [Function],
                      },
                      Object {
                        "instance": null,
                        "key": undefined,
                        "nodeType": "function",
                        "props": Object {
                          "children": "Non",
                          "htmlFor": "noInput",
                          "tag": "label",
                          "widths": Array [
                            "xs",
                            "sm",
                            "md",
                            "lg",
                            "xl",
                          ],
                        },
                        "ref": null,
                        "rendered": "Non",
                        "type": [Function],
                      },
                    ],
                    "type": [Function],
                  },
                ],
                "type": [Function],
              },
              false,
            ],
            "type": [Function],
          },
          "",
          Object {
            "instance": null,
            "key": undefined,
            "nodeType": "function",
            "props": Object {
              "children": <_default
                isLoading={false}
                loadingText="Envoi en cours..."
                onClick={[Function]}
                text="Envoyer"
                type="submit"
              />,
            },
            "ref": null,
            "rendered": Object {
              "instance": null,
              "key": undefined,
              "nodeType": "function",
              "props": Object {
                "isLoading": false,
                "loadingText": "Envoi en cours...",
                "onClick": [Function],
                "text": "Envoyer",
                "type": "submit",
              },
              "ref": null,
              "rendered": null,
              "type": [Function],
            },
            "type": [Function],
          },
        ],
        "type": [Function],
      },
    ],
    "type": [Function],
  },
  Symbol(enzyme.__nodes__): Array [
    Object {
      "instance": null,
      "key": undefined,
      "nodeType": "function",
      "props": Object {
        "children": Array [
          <PageTitle
            title="Répondre à l'invitation"
          />,
          <WrapperContent>
            <WrapperContent>
              <p>
                Serez-vous diponible le Jour-J ?
              </p>
              <WrapperContent>
                <FormGroup
                  tag="div"
                >
                  <Input
                    checked={false}
                    disabled={false}
                    id="yesInput"
                    name="isPresent"
                    onChange={[Function]}
                    type="radio"
                    value={true}
                  />
                  <Label
                    htmlFor="yesInput"
                    tag="label"
                    widths={
                      Array [
                        "xs",
                        "sm",
                        "md",
                        "lg",
                        "xl",
                      ]
                    }
                  >
                    Oui
                  </Label>
                </FormGroup>
                <FormGroup
                  tag="div"
                >
                  <Input
                    checked={false}
                    disabled={false}
                    id="noInput"
                    name="isPresent"
                    onChange={[Function]}
                    type="radio"
                    value={false}
                  />
                  <Label
                    htmlFor="noInput"
                    tag="label"
                    widths={
                      Array [
                        "xs",
                        "sm",
                        "md",
                        "lg",
                        "xl",
                      ]
                    }
                  >
                    Non
                  </Label>
                </FormGroup>
              </WrapperContent>
            </WrapperContent>
            
            <WrapperContent>
              <_default
                isLoading={false}
                loadingText="Envoi en cours..."
                onClick={[Function]}
                text="Envoyer"
                type="submit"
              />
            </WrapperContent>
          </WrapperContent>,
        ],
        "className": "Reponse",
        "id": "Reponse",
      },
      "ref": null,
      "rendered": Array [
        Object {
          "instance": null,
          "key": undefined,
          "nodeType": "function",
          "props": Object {
            "title": "Répondre à l'invitation",
          },
          "ref": null,
          "rendered": null,
          "type": [Function],
        },
        Object {
          "instance": null,
          "key": undefined,
          "nodeType": "function",
          "props": Object {
            "children": Array [
              <WrapperContent>
                <p>
                  Serez-vous diponible le Jour-J ?
                </p>
                <WrapperContent>
                  <FormGroup
                    tag="div"
                  >
                    <Input
                      checked={false}
                      disabled={false}
                      id="yesInput"
                      name="isPresent"
                      onChange={[Function]}
                      type="radio"
                      value={true}
                    />
                    <Label
                      htmlFor="yesInput"
                      tag="label"
                      widths={
                        Array [
                          "xs",
                          "sm",
                          "md",
                          "lg",
                          "xl",
                        ]
                      }
                    >
                      Oui
                    </Label>
                  </FormGroup>
                  <FormGroup
                    tag="div"
                  >
                    <Input
                      checked={false}
                      disabled={false}
                      id="noInput"
                      name="isPresent"
                      onChange={[Function]}
                      type="radio"
                      value={false}
                    />
                    <Label
                      htmlFor="noInput"
                      tag="label"
                      widths={
                        Array [
                          "xs",
                          "sm",
                          "md",
                          "lg",
                          "xl",
                        ]
                      }
                    >
                      Non
                    </Label>
                  </FormGroup>
                </WrapperContent>
              </WrapperContent>,
              "",
              <WrapperContent>
                <_default
                  isLoading={false}
                  loadingText="Envoi en cours..."
                  onClick={[Function]}
                  text="Envoyer"
                  type="submit"
                />
              </WrapperContent>,
            ],
          },
          "ref": null,
          "rendered": Array [
            Object {
              "instance": null,
              "key": undefined,
              "nodeType": "function",
              "props": Object {
                "children": Array [
                  <p>
                    Serez-vous diponible le Jour-J ?
                  </p>,
                  <WrapperContent>
                    <FormGroup
                      tag="div"
                    >
                      <Input
                        checked={false}
                        disabled={false}
                        id="yesInput"
                        name="isPresent"
                        onChange={[Function]}
                        type="radio"
                        value={true}
                      />
                      <Label
                        htmlFor="yesInput"
                        tag="label"
                        widths={
                          Array [
                            "xs",
                            "sm",
                            "md",
                            "lg",
                            "xl",
                          ]
                        }
                      >
                        Oui
                      </Label>
                    </FormGroup>
                    <FormGroup
                      tag="div"
                    >
                      <Input
                        checked={false}
                        disabled={false}
                        id="noInput"
                        name="isPresent"
                        onChange={[Function]}
                        type="radio"
                        value={false}
                      />
                      <Label
                        htmlFor="noInput"
                        tag="label"
                        widths={
                          Array [
                            "xs",
                            "sm",
                            "md",
                            "lg",
                            "xl",
                          ]
                        }
                      >
                        Non
                      </Label>
                    </FormGroup>
                  </WrapperContent>,
                  false,
                ],
              },
              "ref": null,
              "rendered": Array [
                Object {
                  "instance": null,
                  "key": undefined,
                  "nodeType": "host",
                  "props": Object {
                    "children": "Serez-vous diponible le Jour-J ?",
                  },
                  "ref": null,
                  "rendered": "Serez-vous diponible le Jour-J ?",
                  "type": "p",
                },
                Object {
                  "instance": null,
                  "key": undefined,
                  "nodeType": "function",
                  "props": Object {
                    "children": Array [
                      <FormGroup
                        tag="div"
                      >
                        <Input
                          checked={false}
                          disabled={false}
                          id="yesInput"
                          name="isPresent"
                          onChange={[Function]}
                          type="radio"
                          value={true}
                        />
                        <Label
                          htmlFor="yesInput"
                          tag="label"
                          widths={
                            Array [
                              "xs",
                              "sm",
                              "md",
                              "lg",
                              "xl",
                            ]
                          }
                        >
                          Oui
                        </Label>
                      </FormGroup>,
                      <FormGroup
                        tag="div"
                      >
                        <Input
                          checked={false}
                          disabled={false}
                          id="noInput"
                          name="isPresent"
                          onChange={[Function]}
                          type="radio"
                          value={false}
                        />
                        <Label
                          htmlFor="noInput"
                          tag="label"
                          widths={
                            Array [
                              "xs",
                              "sm",
                              "md",
                              "lg",
                              "xl",
                            ]
                          }
                        >
                          Non
                        </Label>
                      </FormGroup>,
                    ],
                  },
                  "ref": null,
                  "rendered": Array [
                    Object {
                      "instance": null,
                      "key": undefined,
                      "nodeType": "function",
                      "props": Object {
                        "children": Array [
                          <Input
                            checked={false}
                            disabled={false}
                            id="yesInput"
                            name="isPresent"
                            onChange={[Function]}
                            type="radio"
                            value={true}
                          />,
                          <Label
                            htmlFor="yesInput"
                            tag="label"
                            widths={
                              Array [
                                "xs",
                                "sm",
                                "md",
                                "lg",
                                "xl",
                              ]
                            }
                          >
                            Oui
                          </Label>,
                        ],
                        "tag": "div",
                      },
                      "ref": null,
                      "rendered": Array [
                        Object {
                          "instance": null,
                          "key": undefined,
                          "nodeType": "class",
                          "props": Object {
                            "checked": false,
                            "disabled": false,
                            "id": "yesInput",
                            "name": "isPresent",
                            "onChange": [Function],
                            "type": "radio",
                            "value": true,
                          },
                          "ref": null,
                          "rendered": null,
                          "type": [Function],
                        },
                        Object {
                          "instance": null,
                          "key": undefined,
                          "nodeType": "function",
                          "props": Object {
                            "children": "Oui",
                            "htmlFor": "yesInput",
                            "tag": "label",
                            "widths": Array [
                              "xs",
                              "sm",
                              "md",
                              "lg",
                              "xl",
                            ],
                          },
                          "ref": null,
                          "rendered": "Oui",
                          "type": [Function],
                        },
                      ],
                      "type": [Function],
                    },
                    Object {
                      "instance": null,
                      "key": undefined,
                      "nodeType": "function",
                      "props": Object {
                        "children": Array [
                          <Input
                            checked={false}
                            disabled={false}
                            id="noInput"
                            name="isPresent"
                            onChange={[Function]}
                            type="radio"
                            value={false}
                          />,
                          <Label
                            htmlFor="noInput"
                            tag="label"
                            widths={
                              Array [
                                "xs",
                                "sm",
                                "md",
                                "lg",
                                "xl",
                              ]
                            }
                          >
                            Non
                          </Label>,
                        ],
                        "tag": "div",
                      },
                      "ref": null,
                      "rendered": Array [
                        Object {
                          "instance": null,
                          "key": undefined,
                          "nodeType": "class",
                          "props": Object {
                            "checked": false,
                            "disabled": false,
                            "id": "noInput",
                            "name": "isPresent",
                            "onChange": [Function],
                            "type": "radio",
                            "value": false,
                          },
                          "ref": null,
                          "rendered": null,
                          "type": [Function],
                        },
                        Object {
                          "instance": null,
                          "key": undefined,
                          "nodeType": "function",
                          "props": Object {
                            "children": "Non",
                            "htmlFor": "noInput",
                            "tag": "label",
                            "widths": Array [
                              "xs",
                              "sm",
                              "md",
                              "lg",
                              "xl",
                            ],
                          },
                          "ref": null,
                          "rendered": "Non",
                          "type": [Function],
                        },
                      ],
                      "type": [Function],
                    },
                  ],
                  "type": [Function],
                },
                false,
              ],
              "type": [Function],
            },
            "",
            Object {
              "instance": null,
              "key": undefined,
              "nodeType": "function",
              "props": Object {
                "children": <_default
                  isLoading={false}
                  loadingText="Envoi en cours..."
                  onClick={[Function]}
                  text="Envoyer"
                  type="submit"
                />,
              },
              "ref": null,
              "rendered": Object {
                "instance": null,
                "key": undefined,
                "nodeType": "function",
                "props": Object {
                  "isLoading": false,
                  "loadingText": "Envoi en cours...",
                  "onClick": [Function],
                  "text": "Envoyer",
                  "type": "submit",
                },
                "ref": null,
                "rendered": null,
                "type": [Function],
              },
              "type": [Function],
            },
          ],
          "type": [Function],
        },
      ],
      "type": [Function],
    },
  ],
  Symbol(enzyme.__options__): Object {
    "adapter": ReactSixteenAdapter {
      "options": Object {
        "enableComponentDidUpdateOnSetState": true,
        "lifecycles": Object {
          "componentDidUpdate": Object {
            "onSetState": true,
          },
          "getDerivedStateFromProps": true,
          "getSnapshotBeforeUpdate": true,
          "setState": Object {
            "skipsComponentDidUpdateOnNullish": true,
          },
        },
      },
    },
  },
}
`;
