// Jest Snapshot v1, https://goo.gl/fbAQLP

exports[`renders without crashing 1`] = `
ShallowWrapper {
  Symbol(enzyme.__root__): [Circular],
  Symbol(enzyme.__unrendered__): <Wait />,
  Symbol(enzyme.__renderer__): Object {
    "batchedUpdates": [Function],
    "getNode": [Function],
    "render": [Function],
    "simulateError": [Function],
    "simulateEvent": [Function],
    "unmount": [Function],
  },
  Symbol(enzyme.__node__): Object {
    "instance": null,
    "key": undefined,
    "nodeType": "function",
    "props": Object {
      "children": <WrapperContent
        title="Les poupous se marient !"
      >
        <p>
          Le site sera disponible à partir du 31 Janvier 2019.
        </p>
      </WrapperContent>,
      "className": "Profile",
      "id": "Profile",
    },
    "ref": null,
    "rendered": Object {
      "instance": null,
      "key": undefined,
      "nodeType": "function",
      "props": Object {
        "children": <p>
          Le site sera disponible à partir du 31 Janvier 2019.
        </p>,
        "title": "Les poupous se marient !",
      },
      "ref": null,
      "rendered": Object {
        "instance": null,
        "key": undefined,
        "nodeType": "host",
        "props": Object {
          "children": "Le site sera disponible à partir du 31 Janvier 2019.",
        },
        "ref": null,
        "rendered": "Le site sera disponible à partir du 31 Janvier 2019.",
        "type": "p",
      },
      "type": [Function],
    },
    "type": [Function],
  },
  Symbol(enzyme.__nodes__): Array [
    Object {
      "instance": null,
      "key": undefined,
      "nodeType": "function",
      "props": Object {
        "children": <WrapperContent
          title="Les poupous se marient !"
        >
          <p>
            Le site sera disponible à partir du 31 Janvier 2019.
          </p>
        </WrapperContent>,
        "className": "Profile",
        "id": "Profile",
      },
      "ref": null,
      "rendered": Object {
        "instance": null,
        "key": undefined,
        "nodeType": "function",
        "props": Object {
          "children": <p>
            Le site sera disponible à partir du 31 Janvier 2019.
          </p>,
          "title": "Les poupous se marient !",
        },
        "ref": null,
        "rendered": Object {
          "instance": null,
          "key": undefined,
          "nodeType": "host",
          "props": Object {
            "children": "Le site sera disponible à partir du 31 Janvier 2019.",
          },
          "ref": null,
          "rendered": "Le site sera disponible à partir du 31 Janvier 2019.",
          "type": "p",
        },
        "type": [Function],
      },
      "type": [Function],
    },
  ],
  Symbol(enzyme.__options__): Object {
    "adapter": ReactSixteenAdapter {
      "options": Object {
        "enableComponentDidUpdateOnSetState": true,
        "lifecycles": Object {
          "componentDidUpdate": Object {
            "onSetState": true,
          },
          "getDerivedStateFromProps": true,
          "getSnapshotBeforeUpdate": true,
          "setState": Object {
            "skipsComponentDidUpdateOnNullish": true,
          },
        },
      },
    },
  },
}
`;
